// Jest Snapshot v1, https://goo.gl/fbAQLP

exports[`pruebas en SearchPage.jsx debe de mostrarse correctamente con valores por defecto 1`] = `
<div>
  <h1>
    Busqueda
  </h1>
  <hr />
  <div
    class="row"
  >
     
    <div
      class="col-5"
    >
      <h4>
        Buscar
      </h4>
      <hr />
      <form
        aria-label="form"
      >
        <input
          autocomplete="off"
          class="form-control"
          name="searchText"
          placeholder="Busca aqui a tu heroe"
          type="text"
          value=""
        />
        <button
          class="btn btn-outline-primary mt-1"
        >
          Buscar
        </button>
      </form>
    </div>
    <div
      class="col-7"
    >
      <h4>
        Resultados
      </h4>
      <hr />
      <div
        aria-label="div-search-hero"
        class="alert alert-primary animate__animated animate__fadeIn"
      >
        Search a Hero
      </div>
      <div
        aria-label="div-no-resultados-para"
        class="alert alert-danger animate__animated animate__fadeIn"
        style="display: none;"
      >
        No Hay Resultados para 
        <b />
      </div>
    </div>
  </div>
</div>
`;
